Archive member included because of file (symbol)

/usr/lib/gcc/avr/4.5.3/avr5/libgcc.a(_exit.o)
                              /usr/lib/gcc/avr/4.5.3/../../../avr/lib/avr5/crtm32u4.o (exit)
/usr/lib/gcc/avr/4.5.3/avr5/libgcc.a(_copy_data.o)
                              main.o (__do_copy_data)
/usr/lib/gcc/avr/4.5.3/avr5/libgcc.a(_clear_bss.o)
                              main.o (__do_clear_bss)

Allocating common symbols
Common symbol       size              file

main_loop_row       0x1               main.o
main_layers_pressed
                    0x54              main.o
main_arg_row        0x1               main.o
main_arg_layer      0x1               main.o
layers              0x28              main.o
main_arg_was_pressed
                    0x1               main.o
main_arg_is_pressed
                    0x1               main.o
main_loop_col       0x1               main.o
main_arg_layer_offset
                    0x1               main.o
main_arg_col        0x1               main.o

Discarded input sections

 .data          0x00000000        0x0 /usr/lib/gcc/avr/4.5.3/../../../avr/lib/avr5/crtm32u4.o
 .bss           0x00000000        0x0 /usr/lib/gcc/avr/4.5.3/../../../avr/lib/avr5/crtm32u4.o
 .text          0x00000000        0x0 main.o
 .data          0x00000000        0x0 main.o
 .bss           0x00000000        0x0 main.o
 .text.main_layers_get_offset_id
                0x00000000       0x2a main.o
 .text          0x00000000        0x0 keyboard/ergodox/controller.o
 .data          0x00000000        0x0 keyboard/ergodox/controller.o
 .bss           0x00000000        0x0 keyboard/ergodox/controller.o
 .text          0x00000000        0x0 keyboard/ergodox/controller/mcp23018.o
 .data          0x00000000        0x0 keyboard/ergodox/controller/mcp23018.o
 .bss           0x00000000        0x0 keyboard/ergodox/controller/mcp23018.o
 .text          0x00000000        0x0 keyboard/ergodox/controller/teensy-2-0.o
 .data          0x00000000        0x0 keyboard/ergodox/controller/teensy-2-0.o
 .bss           0x00000000        0x0 keyboard/ergodox/controller/teensy-2-0.o
 .text          0x00000000        0x0 keyboard/ergodox/layout/default--layout.o
 .data          0x00000000        0x0 keyboard/ergodox/layout/default--layout.o
 .bss           0x00000000        0x0 keyboard/ergodox/layout/default--layout.o
 .text.kbfun_layer_pop_all
                0x00000000       0x2a keyboard/ergodox/layout/default--layout.o
 .text          0x00000000        0x0 lib/key-functions/private.o
 .data          0x00000000        0x0 lib/key-functions/private.o
 .bss           0x00000000        0x0 lib/key-functions/private.o
 .text          0x00000000        0x0 lib/twi/teensy-2-0.o
 .data          0x00000000        0x0 lib/twi/teensy-2-0.o
 .bss           0x00000000        0x0 lib/twi/teensy-2-0.o
 .text          0x00000000        0x0 lib/usb/TODO.o
 .data          0x00000000        0x0 lib/usb/TODO.o
 .bss           0x00000000        0x0 lib/usb/TODO.o
 .text          0x00000000        0x0 lib/key-functions/public/basic.o
 .data          0x00000000        0x0 lib/key-functions/public/basic.o
 .bss           0x00000000        0x0 lib/key-functions/public/basic.o
 .text.kbfun_toggle
                0x00000000       0x54 lib/key-functions/public/basic.o
 .text.kbfun_layer_push_2
                0x00000000        0x8 lib/key-functions/public/basic.o
 .text.kbfun_layer_pop_2
                0x00000000        0x8 lib/key-functions/public/basic.o
 .text.kbfun_layer_push_3
                0x00000000        0x8 lib/key-functions/public/basic.o
 .text.kbfun_layer_pop_3
                0x00000000        0x8 lib/key-functions/public/basic.o
 .text.kbfun_layer_push_4
                0x00000000        0x8 lib/key-functions/public/basic.o
 .text.kbfun_layer_pop_4
                0x00000000        0x8 lib/key-functions/public/basic.o
 .text.kbfun_layer_push_5
                0x00000000        0x8 lib/key-functions/public/basic.o
 .text.kbfun_layer_pop_5
                0x00000000        0x8 lib/key-functions/public/basic.o
 .text.kbfun_layer_push_6
                0x00000000        0x8 lib/key-functions/public/basic.o
 .text.kbfun_layer_pop_6
                0x00000000        0x8 lib/key-functions/public/basic.o
 .text.kbfun_layer_push_7
                0x00000000        0x8 lib/key-functions/public/basic.o
 .text.kbfun_layer_pop_7
                0x00000000        0x8 lib/key-functions/public/basic.o
 .text.kbfun_layer_push_8
                0x00000000        0x8 lib/key-functions/public/basic.o
 .text.kbfun_layer_pop_8
                0x00000000        0x8 lib/key-functions/public/basic.o
 .text.kbfun_layer_push_9
                0x00000000        0x8 lib/key-functions/public/basic.o
 .text.kbfun_layer_pop_9
                0x00000000        0x8 lib/key-functions/public/basic.o
 .text.kbfun_layer_push_10
                0x00000000        0x8 lib/key-functions/public/basic.o
 .text.kbfun_layer_pop_10
                0x00000000        0x8 lib/key-functions/public/basic.o
 .text          0x00000000        0x0 lib/key-functions/public/device.o
 .data          0x00000000        0x0 lib/key-functions/public/device.o
 .bss           0x00000000        0x0 lib/key-functions/public/device.o
 .text.kbfun_jump_to_bootloader
                0x00000000       0x64 lib/key-functions/public/device.o
 .text          0x00000000        0x0 lib/key-functions/public/special.o
 .data          0x00000000        0x0 lib/key-functions/public/special.o
 .bss           0x00000000        0x0 lib/key-functions/public/special.o
 .text.numpad_toggle_numlock
                0x00000000       0x1a lib/key-functions/public/special.o
 .text.kbfun_layer_push_numpad
                0x00000000       0x46 lib/key-functions/public/special.o
 .text.kbfun_layer_pop_numpad
                0x00000000       0x12 lib/key-functions/public/special.o
 .bss.numpad_layer_id
                0x00000000        0x1 lib/key-functions/public/special.o
 .text          0x00000000        0x0 lib-other/pjrc/usb_keyboard/usb_keyboard.o
 .data          0x00000000        0x0 lib-other/pjrc/usb_keyboard/usb_keyboard.o
 .bss           0x00000000        0x0 lib-other/pjrc/usb_keyboard/usb_keyboard.o
 .text.usb_keyboard_press
                0x00000000       0x1e lib-other/pjrc/usb_keyboard/usb_keyboard.o
 .text          0x00000000        0x0 /usr/lib/gcc/avr/4.5.3/avr5/libgcc.a(_exit.o)
 .data          0x00000000        0x0 /usr/lib/gcc/avr/4.5.3/avr5/libgcc.a(_exit.o)
 .bss           0x00000000        0x0 /usr/lib/gcc/avr/4.5.3/avr5/libgcc.a(_exit.o)
 .text.libgcc   0x00000000        0x0 /usr/lib/gcc/avr/4.5.3/avr5/libgcc.a(_exit.o)
 .text          0x00000000        0x0 /usr/lib/gcc/avr/4.5.3/avr5/libgcc.a(_copy_data.o)
 .data          0x00000000        0x0 /usr/lib/gcc/avr/4.5.3/avr5/libgcc.a(_copy_data.o)
 .bss           0x00000000        0x0 /usr/lib/gcc/avr/4.5.3/avr5/libgcc.a(_copy_data.o)
 .text.libgcc   0x00000000        0x0 /usr/lib/gcc/avr/4.5.3/avr5/libgcc.a(_copy_data.o)
 .text          0x00000000        0x0 /usr/lib/gcc/avr/4.5.3/avr5/libgcc.a(_clear_bss.o)
 .data          0x00000000        0x0 /usr/lib/gcc/avr/4.5.3/avr5/libgcc.a(_clear_bss.o)
 .bss           0x00000000        0x0 /usr/lib/gcc/avr/4.5.3/avr5/libgcc.a(_clear_bss.o)
 .text.libgcc   0x00000000        0x0 /usr/lib/gcc/avr/4.5.3/avr5/libgcc.a(_clear_bss.o)

Memory Configuration

Name             Origin             Length             Attributes
text             0x00000000         0x00020000         xr
data             0x00800060         0x0000ffa0         rw !x
eeprom           0x00810000         0x00010000         rw !x
fuse             0x00820000         0x00000400         rw !x
lock             0x00830000         0x00000400         rw !x
signature        0x00840000         0x00000400         rw !x
*default*        0x00000000         0xffffffff

Linker script and memory map

Address of section .data set to 0x800100
LOAD /usr/lib/gcc/avr/4.5.3/../../../avr/lib/avr5/crtm32u4.o
LOAD main.o
LOAD keyboard/ergodox/controller.o
LOAD keyboard/ergodox/controller/mcp23018.o
LOAD keyboard/ergodox/controller/teensy-2-0.o
LOAD keyboard/ergodox/layout/default--layout.o
LOAD lib/key-functions/private.o
LOAD lib/twi/teensy-2-0.o
LOAD lib/usb/TODO.o
LOAD lib/key-functions/public/basic.o
LOAD lib/key-functions/public/device.o
LOAD lib/key-functions/public/special.o
LOAD lib-other/pjrc/usb_keyboard/usb_keyboard.o
LOAD /usr/lib/gcc/avr/4.5.3/avr5/libgcc.a
LOAD /usr/lib/gcc/avr/4.5.3/../../../avr/lib/avr5/libc.a
LOAD /usr/lib/gcc/avr/4.5.3/avr5/libgcc.a

.hash
 *(.hash)

.dynsym
 *(.dynsym)

.dynstr
 *(.dynstr)

.gnu.version
 *(.gnu.version)

.gnu.version_d
 *(.gnu.version_d)

.gnu.version_r
 *(.gnu.version_r)

.rel.init
 *(.rel.init)

.rela.init
 *(.rela.init)

.rel.text
 *(.rel.text)
 *(.rel.text.*)
 *(.rel.gnu.linkonce.t*)

.rela.text
 *(.rela.text)
 *(.rela.text.*)
 *(.rela.gnu.linkonce.t*)

.rel.fini
 *(.rel.fini)

.rela.fini
 *(.rela.fini)

.rel.rodata
 *(.rel.rodata)
 *(.rel.rodata.*)
 *(.rel.gnu.linkonce.r*)

.rela.rodata
 *(.rela.rodata)
 *(.rela.rodata.*)
 *(.rela.gnu.linkonce.r*)

.rel.data
 *(.rel.data)
 *(.rel.data.*)
 *(.rel.gnu.linkonce.d*)

.rela.data
 *(.rela.data)
 *(.rela.data.*)
 *(.rela.gnu.linkonce.d*)

.rel.ctors
 *(.rel.ctors)

.rela.ctors
 *(.rela.ctors)

.rel.dtors
 *(.rel.dtors)

.rela.dtors
 *(.rela.dtors)

.rel.got
 *(.rel.got)

.rela.got
 *(.rela.got)

.rel.bss
 *(.rel.bss)

.rela.bss
 *(.rela.bss)

.rel.plt
 *(.rel.plt)

.rela.plt
 *(.rela.plt)

.text           0x00000000     0x23aa
 *(.vectors)
 .vectors       0x00000000       0xac /usr/lib/gcc/avr/4.5.3/../../../avr/lib/avr5/crtm32u4.o
                0x00000000                __vectors
                0x00000000                __vector_default
 *(.vectors)
 *(.progmem.gcc*)
 *(.progmem*)
 .progmem.data  0x000000ac     0x1068 keyboard/ergodox/layout/default--layout.o
                0x000000ac                _kb_layout
                0x000003f4                _kb_layout_press
                0x00000a84                _kb_layout_release
 .progmem.data  0x00001114      0x100 lib-other/pjrc/usb_keyboard/usb_keyboard.o
                0x00001214                . = ALIGN (0x2)
                0x00001214                __trampolines_start = .
 *(.trampolines)
 .trampolines   0x00001214        0x0 linker stubs
 *(.trampolines*)
                0x00001214                __trampolines_end = .
 *(.jumptables)
 *(.jumptables*)
 *(.lowtext)
 *(.lowtext*)
                0x00001214                __ctors_start = .
 *(.ctors)
                0x00001214                __ctors_end = .
                0x00001214                __dtors_start = .
 *(.dtors)
                0x00001214                __dtors_end = .
 SORT(*)(.ctors)
 SORT(*)(.dtors)
 *(.init0)
 .init0         0x00001214        0x0 /usr/lib/gcc/avr/4.5.3/../../../avr/lib/avr5/crtm32u4.o
                0x00001214                __init
 *(.init0)
 *(.init1)
 *(.init1)
 *(.init2)
 .init2         0x00001214        0xc /usr/lib/gcc/avr/4.5.3/../../../avr/lib/avr5/crtm32u4.o
 *(.init2)
 *(.init3)
 *(.init3)
 *(.init4)
 .init4         0x00001220       0x16 /usr/lib/gcc/avr/4.5.3/avr5/libgcc.a(_copy_data.o)
                0x00001220                __do_copy_data
 .init4         0x00001236       0x10 /usr/lib/gcc/avr/4.5.3/avr5/libgcc.a(_clear_bss.o)
                0x00001236                __do_clear_bss
 *(.init4)
 *(.init5)
 *(.init5)
 *(.init6)
 *(.init6)
 *(.init7)
 *(.init7)
 *(.init8)
 *(.init8)
 *(.init9)
 .init9         0x00001246        0x6 /usr/lib/gcc/avr/4.5.3/../../../avr/lib/avr5/crtm32u4.o
 *(.init9)
 *(.text)
 .text          0x0000124c        0x4 /usr/lib/gcc/avr/4.5.3/../../../avr/lib/avr5/crtm32u4.o
                0x0000124c                __vector_38
                0x0000124c                __vector_22
                0x0000124c                __vector_28
                0x0000124c                __vector_1
                0x0000124c                __vector_32
                0x0000124c                __vector_34
                0x0000124c                __vector_24
                0x0000124c                __vector_12
                0x0000124c                __bad_interrupt
                0x0000124c                __vector_6
                0x0000124c                __vector_31
                0x0000124c                __vector_35
                0x0000124c                __vector_39
                0x0000124c                __vector_3
                0x0000124c                __vector_23
                0x0000124c                __vector_30
                0x0000124c                __vector_25
                0x0000124c                __vector_13
                0x0000124c                __vector_17
                0x0000124c                __vector_19
                0x0000124c                __vector_7
                0x0000124c                __vector_41
                0x0000124c                __vector_27
                0x0000124c                __vector_5
                0x0000124c                __vector_33
                0x0000124c                __vector_37
                0x0000124c                __vector_4
                0x0000124c                __vector_9
                0x0000124c                __vector_2
                0x0000124c                __vector_21
                0x0000124c                __vector_15
                0x0000124c                __vector_36
                0x0000124c                __vector_29
                0x0000124c                __vector_40
                0x0000124c                __vector_8
                0x0000124c                __vector_26
                0x0000124c                __vector_14
                0x0000124c                __vector_16
                0x0000124c                __vector_18
                0x0000124c                __vector_20
                0x0000124c                __vector_42
                0x00001250                . = ALIGN (0x2)
 *(.text.*)
 .text.main_exec_key
                0x00001250       0x6a main.o
                0x00001250                main_exec_key
 .text.main_layers_peek
                0x000012ba       0x1e main.o
                0x000012ba                main_layers_peek
 .text.main     0x000012d8      0x208 main.o
                0x000012d8                main
 .text.main_layers_push
                0x000014e0       0x46 main.o
                0x000014e0                main_layers_push
 .text.main_layers_pop_id
                0x00001526       0x76 main.o
                0x00001526                main_layers_pop_id
 .text.kb_init  0x0000159c       0x18 keyboard/ergodox/controller.o
                0x0000159c                kb_init
 .text.kb_update_matrix
                0x000015b4       0x24 keyboard/ergodox/controller.o
                0x000015b4                kb_update_matrix
 .text.mcp23018_init
                0x000015d8       0x56 keyboard/ergodox/controller/mcp23018.o
                0x000015d8                mcp23018_init
 .text.mcp23018_update_matrix
                0x0000162e       0xf2 keyboard/ergodox/controller/mcp23018.o
                0x0000162e                mcp23018_update_matrix
 .text.teensy_init
                0x00001720      0x192 keyboard/ergodox/controller/teensy-2-0.o
                0x00001720                teensy_init
 .text.teensy_update_matrix
                0x000018b2      0x2c8 keyboard/ergodox/controller/teensy-2-0.o
                0x000018b2                teensy_update_matrix
 .text._kbfun_press_release
                0x00001b7a       0xee lib/key-functions/private.o
                0x00001b7a                _kbfun_press_release
 .text._kbfun_is_pressed
                0x00001c68       0x8a lib/key-functions/private.o
                0x00001c68                _kbfun_is_pressed
 .text.twi_init
                0x00001cf2       0x12 lib/twi/teensy-2-0.o
                0x00001cf2                twi_init
 .text.twi_start
                0x00001d04       0x32 lib/twi/teensy-2-0.o
                0x00001d04                twi_start
 .text.twi_stop
                0x00001d36       0x10 lib/twi/teensy-2-0.o
                0x00001d36                twi_stop
 .text.twi_send
                0x00001d46       0x40 lib/twi/teensy-2-0.o
                0x00001d46                twi_send
 .text.twi_read
                0x00001d86       0x2c lib/twi/teensy-2-0.o
                0x00001d86                twi_read
 .text.layer_pop
                0x00001db2       0x1e lib/key-functions/public/basic.o
 .text.layer_push
                0x00001dd0       0x50 lib/key-functions/public/basic.o
 .text.kbfun_press_release
                0x00001e20       0x30 lib/key-functions/public/basic.o
                0x00001e20                kbfun_press_release
 .text.kbfun_transparent
                0x00001e50       0x3a lib/key-functions/public/basic.o
                0x00001e50                kbfun_transparent
 .text.kbfun_layer_push_1
                0x00001e8a        0x4 lib/key-functions/public/basic.o
                0x00001e8a                kbfun_layer_push_1
 .text.kbfun_layer_pop_1
                0x00001e8e        0x4 lib/key-functions/public/basic.o
                0x00001e8e                kbfun_layer_pop_1
 .text.kbfun_shift_press_release
                0x00001e92        0xa lib/key-functions/public/special.o
                0x00001e92                kbfun_shift_press_release
 .text.kbfun_2_keys_capslock_press_release
                0x00001e9c       0xaa lib/key-functions/public/special.o
                0x00001e9c                kbfun_2_keys_capslock_press_release
 .text.usb_wait_in_ready
                0x00001f46        0xa lib-other/pjrc/usb_keyboard/usb_keyboard.o
 .text.usb_init
                0x00001f50       0x2e lib-other/pjrc/usb_keyboard/usb_keyboard.o
                0x00001f50                usb_init
 .text.usb_configured
                0x00001f7e        0x6 lib-other/pjrc/usb_keyboard/usb_keyboard.o
                0x00001f7e                usb_configured
 .text.usb_keyboard_send
                0x00001f84       0x74 lib-other/pjrc/usb_keyboard/usb_keyboard.o
                0x00001f84                usb_keyboard_send
 .text.__vector_10
                0x00001ff8       0xbe lib-other/pjrc/usb_keyboard/usb_keyboard.o
                0x00001ff8                __vector_10
 .text.__vector_11
                0x000020b6      0x2f0 lib-other/pjrc/usb_keyboard/usb_keyboard.o
                0x000020b6                __vector_11
                0x000023a6                . = ALIGN (0x2)
 *(.fini9)
 .fini9         0x000023a6        0x0 /usr/lib/gcc/avr/4.5.3/avr5/libgcc.a(_exit.o)
                0x000023a6                exit
                0x000023a6                _exit
 *(.fini9)
 *(.fini8)
 *(.fini8)
 *(.fini7)
 *(.fini7)
 *(.fini6)
 *(.fini6)
 *(.fini5)
 *(.fini5)
 *(.fini4)
 *(.fini4)
 *(.fini3)
 *(.fini3)
 *(.fini2)
 *(.fini2)
 *(.fini1)
 *(.fini1)
 *(.fini0)
 .fini0         0x000023a6        0x4 /usr/lib/gcc/avr/4.5.3/avr5/libgcc.a(_exit.o)
 *(.fini0)
                0x000023aa                _etext = .

.data           0x00800100       0x1a load address 0x000023aa
                0x00800100                PROVIDE (__data_start, .)
 *(.data)
 *(.data*)
 .data.main_kb_is_pressed
                0x00800100        0x2 main.o
                0x00800100                main_kb_is_pressed
 .data.main_kb_was_pressed
                0x00800102        0x2 main.o
                0x00800102                main_kb_was_pressed
 .data.layers_ids_in_use
                0x00800104       0x14 main.o
                0x00800104                layers_ids_in_use
 .data.keyboard_idle_config
                0x00800118        0x1 lib-other/pjrc/usb_keyboard/usb_keyboard.o
 .data.keyboard_protocol
                0x00800119        0x1 lib-other/pjrc/usb_keyboard/usb_keyboard.o
 *(.rodata)
 *(.rodata*)
 *(.gnu.linkonce.d*)
                0x0080011a                . = ALIGN (0x2)
                0x0080011a                _edata = .
                0x0080011a                PROVIDE (__data_end, .)

.bss            0x0080011a      0x14f
                0x0080011a                PROVIDE (__bss_start, .)
 *(.bss)
 *(.bss*)
 .bss.layers_head
                0x0080011a        0x1 main.o
                0x0080011a                layers_head
 .bss._main_kb_is_pressed
                0x0080011b       0x54 main.o
 .bss._main_kb_was_pressed
                0x0080016f       0x54 main.o
 .bss.layer_ids
                0x008001c3       0x14 lib/key-functions/public/basic.o
 .bss.rshift_pressed.1513
                0x008001d7        0x1 lib/key-functions/public/special.o
 .bss.lshift_pressed.1512
                0x008001d8        0x1 lib/key-functions/public/special.o
 .bss.keys_pressed.1511
                0x008001d9        0x1 lib/key-functions/public/special.o
 .bss.keyboard_modifier_keys
                0x008001da        0x1 lib-other/pjrc/usb_keyboard/usb_keyboard.o
                0x008001da                keyboard_modifier_keys
 .bss.keyboard_keys
                0x008001db        0x6 lib-other/pjrc/usb_keyboard/usb_keyboard.o
                0x008001db                keyboard_keys
 .bss.keyboard_leds
                0x008001e1        0x1 lib-other/pjrc/usb_keyboard/usb_keyboard.o
                0x008001e1                keyboard_leds
 .bss.usb_configuration
                0x008001e2        0x1 lib-other/pjrc/usb_keyboard/usb_keyboard.o
 .bss.keyboard_idle_count
                0x008001e3        0x1 lib-other/pjrc/usb_keyboard/usb_keyboard.o
 .bss.div4.1470
                0x008001e4        0x1 lib-other/pjrc/usb_keyboard/usb_keyboard.o
 *(COMMON)
 COMMON         0x008001e5       0x84 main.o
                0x008001e5                main_loop_row
                0x008001e6                main_layers_pressed
                0x0080023a                main_arg_row
                0x0080023b                main_arg_layer
                0x0080023c                layers
                0x00800264                main_arg_was_pressed
                0x00800265                main_arg_is_pressed
                0x00800266                main_loop_col
                0x00800267                main_arg_layer_offset
                0x00800268                main_arg_col
                0x00800269                PROVIDE (__bss_end, .)
                0x000023aa                __data_load_start = LOADADDR (.data)
                0x000023c4                __data_load_end = (__data_load_start + SIZEOF (.data))

.noinit         0x00800269        0x0
                0x00800269                PROVIDE (__noinit_start, .)
 *(.noinit*)
                0x00800269                PROVIDE (__noinit_end, .)
                0x00800269                _end = .
                0x00800269                PROVIDE (__heap_start, .)

.eeprom         0x00810000        0x0
 *(.eeprom*)
                0x00810000                __eeprom_end = .

.fuse
 *(.fuse)
 *(.lfuse)
 *(.hfuse)
 *(.efuse)

.lock
 *(.lock*)

.signature
 *(.signature*)

.stab           0x00000000      0x6cc
 *(.stab)
 .stab          0x00000000      0x6cc /usr/lib/gcc/avr/4.5.3/../../../avr/lib/avr5/crtm32u4.o

.stabstr        0x00000000       0x54
 *(.stabstr)
 .stabstr       0x00000000       0x54 /usr/lib/gcc/avr/4.5.3/../../../avr/lib/avr5/crtm32u4.o

.stab.excl
 *(.stab.excl)

.stab.exclstr
 *(.stab.exclstr)

.stab.index
 *(.stab.index)

.stab.indexstr
 *(.stab.indexstr)

.comment
 *(.comment)

.debug
 *(.debug)

.line
 *(.line)

.debug_srcinfo
 *(.debug_srcinfo)

.debug_sfnames
 *(.debug_sfnames)

.debug_aranges
 *(.debug_aranges)

.debug_pubnames
 *(.debug_pubnames)

.debug_info
 *(.debug_info)
 *(.gnu.linkonce.wi.*)

.debug_abbrev
 *(.debug_abbrev)

.debug_line
 *(.debug_line)

.debug_frame
 *(.debug_frame)

.debug_str
 *(.debug_str)

.debug_loc
 *(.debug_loc)

.debug_macinfo
 *(.debug_macinfo)
OUTPUT(firmware.elf elf32-avr)
LOAD linker stubs

Cross Reference Table

Symbol                                            File
__bad_interrupt                                   /usr/lib/gcc/avr/4.5.3/../../../avr/lib/avr5/crtm32u4.o
__bss_end                                         /usr/lib/gcc/avr/4.5.3/avr5/libgcc.a(_clear_bss.o)
__bss_start                                       /usr/lib/gcc/avr/4.5.3/avr5/libgcc.a(_clear_bss.o)
__data_end                                        /usr/lib/gcc/avr/4.5.3/avr5/libgcc.a(_copy_data.o)
__data_load_start                                 /usr/lib/gcc/avr/4.5.3/avr5/libgcc.a(_copy_data.o)
__data_start                                      /usr/lib/gcc/avr/4.5.3/avr5/libgcc.a(_copy_data.o)
__do_clear_bss                                    /usr/lib/gcc/avr/4.5.3/avr5/libgcc.a(_clear_bss.o)
                                                  lib-other/pjrc/usb_keyboard/usb_keyboard.o
                                                  lib/key-functions/public/special.o
                                                  lib/key-functions/public/basic.o
                                                  main.o
__do_copy_data                                    /usr/lib/gcc/avr/4.5.3/avr5/libgcc.a(_copy_data.o)
                                                  lib-other/pjrc/usb_keyboard/usb_keyboard.o
                                                  main.o
__heap_end                                        /usr/lib/gcc/avr/4.5.3/../../../avr/lib/avr5/crtm32u4.o
__init                                            /usr/lib/gcc/avr/4.5.3/../../../avr/lib/avr5/crtm32u4.o
__stack                                           /usr/lib/gcc/avr/4.5.3/../../../avr/lib/avr5/crtm32u4.o
__vector_1                                        /usr/lib/gcc/avr/4.5.3/../../../avr/lib/avr5/crtm32u4.o
__vector_10                                       lib-other/pjrc/usb_keyboard/usb_keyboard.o
                                                  /usr/lib/gcc/avr/4.5.3/../../../avr/lib/avr5/crtm32u4.o
__vector_11                                       lib-other/pjrc/usb_keyboard/usb_keyboard.o
                                                  /usr/lib/gcc/avr/4.5.3/../../../avr/lib/avr5/crtm32u4.o
__vector_12                                       /usr/lib/gcc/avr/4.5.3/../../../avr/lib/avr5/crtm32u4.o
__vector_13                                       /usr/lib/gcc/avr/4.5.3/../../../avr/lib/avr5/crtm32u4.o
__vector_14                                       /usr/lib/gcc/avr/4.5.3/../../../avr/lib/avr5/crtm32u4.o
__vector_15                                       /usr/lib/gcc/avr/4.5.3/../../../avr/lib/avr5/crtm32u4.o
__vector_16                                       /usr/lib/gcc/avr/4.5.3/../../../avr/lib/avr5/crtm32u4.o
__vector_17                                       /usr/lib/gcc/avr/4.5.3/../../../avr/lib/avr5/crtm32u4.o
__vector_18                                       /usr/lib/gcc/avr/4.5.3/../../../avr/lib/avr5/crtm32u4.o
__vector_19                                       /usr/lib/gcc/avr/4.5.3/../../../avr/lib/avr5/crtm32u4.o
__vector_2                                        /usr/lib/gcc/avr/4.5.3/../../../avr/lib/avr5/crtm32u4.o
__vector_20                                       /usr/lib/gcc/avr/4.5.3/../../../avr/lib/avr5/crtm32u4.o
__vector_21                                       /usr/lib/gcc/avr/4.5.3/../../../avr/lib/avr5/crtm32u4.o
__vector_22                                       /usr/lib/gcc/avr/4.5.3/../../../avr/lib/avr5/crtm32u4.o
__vector_23                                       /usr/lib/gcc/avr/4.5.3/../../../avr/lib/avr5/crtm32u4.o
__vector_24                                       /usr/lib/gcc/avr/4.5.3/../../../avr/lib/avr5/crtm32u4.o
__vector_25                                       /usr/lib/gcc/avr/4.5.3/../../../avr/lib/avr5/crtm32u4.o
__vector_26                                       /usr/lib/gcc/avr/4.5.3/../../../avr/lib/avr5/crtm32u4.o
__vector_27                                       /usr/lib/gcc/avr/4.5.3/../../../avr/lib/avr5/crtm32u4.o
__vector_28                                       /usr/lib/gcc/avr/4.5.3/../../../avr/lib/avr5/crtm32u4.o
__vector_29                                       /usr/lib/gcc/avr/4.5.3/../../../avr/lib/avr5/crtm32u4.o
__vector_3                                        /usr/lib/gcc/avr/4.5.3/../../../avr/lib/avr5/crtm32u4.o
__vector_30                                       /usr/lib/gcc/avr/4.5.3/../../../avr/lib/avr5/crtm32u4.o
__vector_31                                       /usr/lib/gcc/avr/4.5.3/../../../avr/lib/avr5/crtm32u4.o
__vector_32                                       /usr/lib/gcc/avr/4.5.3/../../../avr/lib/avr5/crtm32u4.o
__vector_33                                       /usr/lib/gcc/avr/4.5.3/../../../avr/lib/avr5/crtm32u4.o
__vector_34                                       /usr/lib/gcc/avr/4.5.3/../../../avr/lib/avr5/crtm32u4.o
__vector_35                                       /usr/lib/gcc/avr/4.5.3/../../../avr/lib/avr5/crtm32u4.o
__vector_36                                       /usr/lib/gcc/avr/4.5.3/../../../avr/lib/avr5/crtm32u4.o
__vector_37                                       /usr/lib/gcc/avr/4.5.3/../../../avr/lib/avr5/crtm32u4.o
__vector_38                                       /usr/lib/gcc/avr/4.5.3/../../../avr/lib/avr5/crtm32u4.o
__vector_39                                       /usr/lib/gcc/avr/4.5.3/../../../avr/lib/avr5/crtm32u4.o
__vector_4                                        /usr/lib/gcc/avr/4.5.3/../../../avr/lib/avr5/crtm32u4.o
__vector_40                                       /usr/lib/gcc/avr/4.5.3/../../../avr/lib/avr5/crtm32u4.o
__vector_41                                       /usr/lib/gcc/avr/4.5.3/../../../avr/lib/avr5/crtm32u4.o
__vector_42                                       /usr/lib/gcc/avr/4.5.3/../../../avr/lib/avr5/crtm32u4.o
__vector_5                                        /usr/lib/gcc/avr/4.5.3/../../../avr/lib/avr5/crtm32u4.o
__vector_6                                        /usr/lib/gcc/avr/4.5.3/../../../avr/lib/avr5/crtm32u4.o
__vector_7                                        /usr/lib/gcc/avr/4.5.3/../../../avr/lib/avr5/crtm32u4.o
__vector_8                                        /usr/lib/gcc/avr/4.5.3/../../../avr/lib/avr5/crtm32u4.o
__vector_9                                        /usr/lib/gcc/avr/4.5.3/../../../avr/lib/avr5/crtm32u4.o
__vector_default                                  /usr/lib/gcc/avr/4.5.3/../../../avr/lib/avr5/crtm32u4.o
__vectors                                         /usr/lib/gcc/avr/4.5.3/../../../avr/lib/avr5/crtm32u4.o
_exit                                             /usr/lib/gcc/avr/4.5.3/avr5/libgcc.a(_exit.o)
_kb_layout                                        keyboard/ergodox/layout/default--layout.o
                                                  lib/key-functions/public/special.o
                                                  lib/key-functions/public/basic.o
_kb_layout_press                                  keyboard/ergodox/layout/default--layout.o
                                                  main.o
_kb_layout_release                                keyboard/ergodox/layout/default--layout.o
                                                  main.o
_kbfun_is_pressed                                 lib/key-functions/private.o
                                                  lib/key-functions/public/special.o
                                                  lib/key-functions/public/basic.o
_kbfun_press_release                              lib/key-functions/private.o
                                                  lib/key-functions/public/special.o
                                                  lib/key-functions/public/basic.o
exit                                              /usr/lib/gcc/avr/4.5.3/avr5/libgcc.a(_exit.o)
                                                  /usr/lib/gcc/avr/4.5.3/../../../avr/lib/avr5/crtm32u4.o
kb_init                                           keyboard/ergodox/controller.o
                                                  main.o
kb_update_matrix                                  keyboard/ergodox/controller.o
                                                  main.o
kbfun_2_keys_capslock_press_release               lib/key-functions/public/special.o
                                                  keyboard/ergodox/layout/default--layout.o
kbfun_jump_to_bootloader                          lib/key-functions/public/device.o
kbfun_layer_pop_1                                 lib/key-functions/public/basic.o
                                                  keyboard/ergodox/layout/default--layout.o
kbfun_layer_pop_10                                lib/key-functions/public/basic.o
                                                  keyboard/ergodox/layout/default--layout.o
kbfun_layer_pop_2                                 lib/key-functions/public/basic.o
                                                  keyboard/ergodox/layout/default--layout.o
kbfun_layer_pop_3                                 lib/key-functions/public/basic.o
                                                  keyboard/ergodox/layout/default--layout.o
kbfun_layer_pop_4                                 lib/key-functions/public/basic.o
                                                  keyboard/ergodox/layout/default--layout.o
kbfun_layer_pop_5                                 lib/key-functions/public/basic.o
                                                  keyboard/ergodox/layout/default--layout.o
kbfun_layer_pop_6                                 lib/key-functions/public/basic.o
                                                  keyboard/ergodox/layout/default--layout.o
kbfun_layer_pop_7                                 lib/key-functions/public/basic.o
                                                  keyboard/ergodox/layout/default--layout.o
kbfun_layer_pop_8                                 lib/key-functions/public/basic.o
                                                  keyboard/ergodox/layout/default--layout.o
kbfun_layer_pop_9                                 lib/key-functions/public/basic.o
                                                  keyboard/ergodox/layout/default--layout.o
kbfun_layer_pop_all                               keyboard/ergodox/layout/default--layout.o
kbfun_layer_pop_numpad                            lib/key-functions/public/special.o
kbfun_layer_push_1                                lib/key-functions/public/basic.o
                                                  keyboard/ergodox/layout/default--layout.o
kbfun_layer_push_10                               lib/key-functions/public/basic.o
kbfun_layer_push_2                                lib/key-functions/public/basic.o
kbfun_layer_push_3                                lib/key-functions/public/basic.o
kbfun_layer_push_4                                lib/key-functions/public/basic.o
kbfun_layer_push_5                                lib/key-functions/public/basic.o
kbfun_layer_push_6                                lib/key-functions/public/basic.o
kbfun_layer_push_7                                lib/key-functions/public/basic.o
kbfun_layer_push_8                                lib/key-functions/public/basic.o
kbfun_layer_push_9                                lib/key-functions/public/basic.o
kbfun_layer_push_numpad                           lib/key-functions/public/special.o
kbfun_press_release                               lib/key-functions/public/basic.o
                                                  lib/key-functions/public/special.o
                                                  keyboard/ergodox/layout/default--layout.o
kbfun_shift_press_release                         lib/key-functions/public/special.o
                                                  keyboard/ergodox/layout/default--layout.o
kbfun_toggle                                      lib/key-functions/public/basic.o
kbfun_transparent                                 lib/key-functions/public/basic.o
                                                  keyboard/ergodox/layout/default--layout.o
keyboard_keys                                     lib-other/pjrc/usb_keyboard/usb_keyboard.o
                                                  lib/key-functions/private.o
keyboard_leds                                     lib-other/pjrc/usb_keyboard/usb_keyboard.o
                                                  main.o
keyboard_modifier_keys                            lib-other/pjrc/usb_keyboard/usb_keyboard.o
                                                  lib/key-functions/private.o
layers                                            main.o
layers_head                                       main.o
layers_ids_in_use                                 main.o
main                                              main.o
                                                  /usr/lib/gcc/avr/4.5.3/../../../avr/lib/avr5/crtm32u4.o
main_arg_col                                      lib/key-functions/public/special.o
                                                  lib/key-functions/public/basic.o
                                                  main.o
main_arg_is_pressed                               lib/key-functions/public/special.o
                                                  lib/key-functions/public/basic.o
                                                  main.o
main_arg_layer                                    lib/key-functions/public/special.o
                                                  lib/key-functions/public/basic.o
                                                  main.o
main_arg_layer_offset                             lib/key-functions/public/basic.o
                                                  main.o
main_arg_row                                      lib/key-functions/public/special.o
                                                  lib/key-functions/public/basic.o
                                                  main.o
main_arg_was_pressed                              main.o
main_exec_key                                     main.o
                                                  lib/key-functions/public/basic.o
main_kb_is_pressed                                main.o
main_kb_was_pressed                               main.o
main_layers_get_offset_id                         main.o
main_layers_peek                                  main.o
                                                  lib/key-functions/public/basic.o
main_layers_pop_id                                main.o
                                                  lib/key-functions/public/special.o
                                                  lib/key-functions/public/basic.o
main_layers_pressed                               lib/key-functions/public/basic.o
                                                  main.o
main_layers_push                                  main.o
                                                  lib/key-functions/public/special.o
                                                  lib/key-functions/public/basic.o
main_loop_col                                     main.o
main_loop_row                                     main.o
mcp23018_init                                     keyboard/ergodox/controller/mcp23018.o
                                                  keyboard/ergodox/controller.o
mcp23018_update_matrix                            keyboard/ergodox/controller/mcp23018.o
                                                  keyboard/ergodox/controller.o
teensy_init                                       keyboard/ergodox/controller/teensy-2-0.o
                                                  keyboard/ergodox/controller.o
teensy_update_matrix                              keyboard/ergodox/controller/teensy-2-0.o
                                                  keyboard/ergodox/controller.o
twi_init                                          lib/twi/teensy-2-0.o
                                                  keyboard/ergodox/controller/teensy-2-0.o
twi_read                                          lib/twi/teensy-2-0.o
                                                  keyboard/ergodox/controller/mcp23018.o
twi_send                                          lib/twi/teensy-2-0.o
                                                  keyboard/ergodox/controller/mcp23018.o
twi_start                                         lib/twi/teensy-2-0.o
                                                  keyboard/ergodox/controller/mcp23018.o
twi_stop                                          lib/twi/teensy-2-0.o
                                                  keyboard/ergodox/controller/mcp23018.o
usb_configured                                    lib-other/pjrc/usb_keyboard/usb_keyboard.o
                                                  main.o
usb_init                                          lib-other/pjrc/usb_keyboard/usb_keyboard.o
                                                  main.o
usb_keyboard_press                                lib-other/pjrc/usb_keyboard/usb_keyboard.o
usb_keyboard_send                                 lib-other/pjrc/usb_keyboard/usb_keyboard.o
                                                  lib/key-functions/public/special.o
                                                  main.o
